Connecting to MongoDB Atlas...
Migrating Students...
Traceback (most recent call last):
  File "/Users/arnabsenapati/kids Attendance/backend/migrate_local_to_mongo.py", line 57, in <module>
    asyncio.run(main())
  File "/Library/Developer/CommandLineTools/Library/Frameworks/Python3.framework/Versions/3.9/lib/python3.9/asyncio/runners.py", line 44, in run
    return loop.run_until_complete(main)
  File "/Library/Developer/CommandLineTools/Library/Frameworks/Python3.framework/Versions/3.9/lib/python3.9/asyncio/base_events.py", line 642, in run_until_complete
    return future.result()
  File "/Users/arnabsenapati/kids Attendance/backend/migrate_local_to_mongo.py", line 29, in main
    await db.students.delete_many({})
  File "/Library/Developer/CommandLineTools/Library/Frameworks/Python3.framework/Versions/3.9/lib/python3.9/concurrent/futures/thread.py", line 52, in run
    result = self.fn(*self.args, **self.kwargs)
  File "/Users/arnabsenapati/kids Attendance/backend/venv/lib/python3.9/site-packages/pymongo/collection.py", line 1462, in delete_many
    self._delete_retryable(
  File "/Users/arnabsenapati/kids Attendance/backend/venv/lib/python3.9/site-packages/pymongo/collection.py", line 1337, in _delete_retryable
    return self.__database.client._retryable_write(
  File "/Users/arnabsenapati/kids Attendance/backend/venv/lib/python3.9/site-packages/pymongo/mongo_client.py", line 1522, in _retryable_write
    with self._tmp_session(session) as s:
  File "/Library/Developer/CommandLineTools/Library/Frameworks/Python3.framework/Versions/3.9/lib/python3.9/contextlib.py", line 117, in __enter__
    return next(self.gen)
  File "/Users/arnabsenapati/kids Attendance/backend/venv/lib/python3.9/site-packages/pymongo/mongo_client.py", line 1840, in _tmp_session
    s = self._ensure_session(session)
  File "/Users/arnabsenapati/kids Attendance/backend/venv/lib/python3.9/site-packages/pymongo/mongo_client.py", line 1823, in _ensure_session
    return self.__start_session(True, causal_consistency=False)
  File "/Users/arnabsenapati/kids Attendance/backend/venv/lib/python3.9/site-packages/pymongo/mongo_client.py", line 1766, in __start_session
    self._topology._check_implicit_session_support()
  File "/Users/arnabsenapati/kids Attendance/backend/venv/lib/python3.9/site-packages/pymongo/topology.py", line 573, in _check_implicit_session_support
    self._check_session_support()
  File "/Users/arnabsenapati/kids Attendance/backend/venv/lib/python3.9/site-packages/pymongo/topology.py", line 589, in _check_session_support
    self._select_servers_loop(
  File "/Users/arnabsenapati/kids Attendance/backend/venv/lib/python3.9/site-packages/pymongo/topology.py", line 259, in _select_servers_loop
    raise ServerSelectionTimeoutError(
pymongo.errors.ServerSelectionTimeoutError: SSL handshake failed: ac-hcbrg8k-shard-00-02.6h3vud7.mongodb.net:27017: [SSL: TLSV1_ALERT_INTERNAL_ERROR] tlsv1 alert internal error (_ssl.c:1129) (configured timeouts: socketTimeoutMS: 20000.0ms, connectTimeoutMS: 20000.0ms),SSL handshake failed: ac-hcbrg8k-shard-00-01.6h3vud7.mongodb.net:27017: [SSL: TLSV1_ALERT_INTERNAL_ERROR] tlsv1 alert internal error (_ssl.c:1129) (configured timeouts: socketTimeoutMS: 20000.0ms, connectTimeoutMS: 20000.0ms),SSL handshake failed: ac-hcbrg8k-shard-00-00.6h3vud7.mongodb.net:27017: [SSL: TLSV1_ALERT_INTERNAL_ERROR] tlsv1 alert internal error (_ssl.c:1129) (configured timeouts: socketTimeoutMS: 20000.0ms, connectTimeoutMS: 20000.0ms), Timeout: 30s, Topology Description: <TopologyDescription id: 6a0af9fca8a49ee5a5ef33ab, topology_type: ReplicaSetNoPrimary, servers: [<ServerDescription ('ac-hcbrg8k-shard-00-00.6h3vud7.mongodb.net', 27017) server_type: Unknown, rtt: None, error=AutoReconnect('SSL handshake failed: ac-hcbrg8k-shard-00-00.6h3vud7.mongodb.net:27017: [SSL: TLSV1_ALERT_INTERNAL_ERROR] tlsv1 alert internal error (_ssl.c:1129) (configured timeouts: socketTimeoutMS: 20000.0ms, connectTimeoutMS: 20000.0ms)')>, <ServerDescription ('ac-hcbrg8k-shard-00-01.6h3vud7.mongodb.net', 27017) server_type: Unknown, rtt: None, error=AutoReconnect('SSL handshake failed: ac-hcbrg8k-shard-00-01.6h3vud7.mongodb.net:27017: [SSL: TLSV1_ALERT_INTERNAL_ERROR] tlsv1 alert internal error (_ssl.c:1129) (configured timeouts: socketTimeoutMS: 20000.0ms, connectTimeoutMS: 20000.0ms)')>, <ServerDescription ('ac-hcbrg8k-shard-00-02.6h3vud7.mongodb.net', 27017) server_type: Unknown, rtt: None, error=AutoReconnect('SSL handshake failed: ac-hcbrg8k-shard-00-02.6h3vud7.mongodb.net:27017: [SSL: TLSV1_ALERT_INTERNAL_ERROR] tlsv1 alert internal error (_ssl.c:1129) (configured timeouts: socketTimeoutMS: 20000.0ms, connectTimeoutMS: 20000.0ms)')>]>
